Script started on Fri 23 Jan 2015 11:32:49 PM PST
]0;jessica@jessica-SVF15218CXW: ~/Documents/CS100/rshelljessica@jessica-SVF15218CXW:~/Documents/CS100/rshell$ exitcho exit[4Pclearg++ -Wall -Werror -ansi -pedantic main.cppclear[Kecho exit[5Pxit[Kcd src/
]0;jessica@jessica-SVF15218CXW: ~/Documents/CS100/rshell/srcjessica@jessica-SVF15218CXW:~/Documents/CS100/rshell/src$ cd src/[3Pexitcd src/[Kcd src/[3Pexitcho exit[4Pclearg++ -Wall -Werror -ansi -pedantic main.cpp
]0;jessica@jessica-SVF15218CXW: ~/Documents/CS100/rshell/srcjessica@jessica-SVF15218CXW:~/Documents/CS100/rshell/src$ g++ -Wall -Werror -ansi -pedantic main.cppcd src/[K[3Pexitcd src/g++ -Wall -Werror -ansi -pedantic main.cppcd src/[Kg++ -Wall -Werror -ansi -pedantic main.cpp[K./a.out
@jessica-SVF15218CXW$ ls
a.out  main.cpp
@jessica-SVF15218CXW$ echo hello CS100!!
hello CS100!!
@jessica-SVF15218CXW$ echo heyheyhey #ohno   nonono
heyheyhey
@jessica-SVF15218CXW$ ls l  lsls
execvp: No such file or directory
@jessica-SVF15218CXW$ cd what
execvp: No such file or directory
@jessica-SVF15218CXW$ lscd
execvp: No such file or directory
@jessica-SVF15218CXW$  ls cd
ls: cannot access cd: No such file or directory
@jessica-SVF15218CXW$ cd ls
execvp: No such file or directory
@jessica-SVF15218CXW$                     ls
a.out  main.cpp
@jessica-SVF15218CXW$ asdfghjkl
execvp: No such file or directory
@jessica-SVF15218CXW$ echo              hi
hi
@jessica-SVF15218CXW$              echo          hi               hi          #whut
hi hi
@jessica-SVF15218CXW$ ................
execvp: No such file or directory
@jessica-SVF15218CXW$ ls ;  ls
ls: cannot access ;: No such file or directory
ls: cannot access ls: No such file or directory
@jessica-SVF15218CXW$ ls \\  || echo hi
ls: cannot access ||: No such file or directory
ls: cannot access echo: No such file or directory
ls: cannot access hi: No such file or directory
@jessica-SVF15218CXW$ exit
]0;jessica@jessica-SVF15218CXW: ~/Documents/CS100/rshell/srcjessica@jessica-SVF15218CXW:~/Documents/CS100/rshell/src$ ./a.outg++ -Wall -Werror -ansi -pedantic main.cpp./a.out[K 
@jessica-SVF15218CXW$ ls
a.out  main.cpp
@jessica-SVF15218CXW$ ls -a
.  ..  a.out  main.cpp	.main.cpp.swo  .main.cpp.swp
@jessica-SVF15218CXW$ #tea st
execvp: No such file or directory
@jessica-SVF15218CXW$ 
Segmentation fault (core dumped)
]0;jessica@jessica-SVF15218CXW: ~/Documents/CS100/rshell/srcjessica@jessica-SVF15218CXW:~/Documents/CS100/rshell/src$ ./a.out 
@jessica-SVF15218CXW$ bin/rshell
execvp: No such file or directory
@jessica-SVF15218CXW$ exit
]0;jessica@jessica-SVF15218CXW: ~/Documents/CS100/rshell/srcjessica@jessica-SVF15218CXW:~/Documents/CS100/rshell/src$ script
Script started, file is typescript
]0;jessica@jessica-SVF15218CXW: ~/Documents/CS100/rshell/srcjessica@jessica-SVF15218CXW:~/Documents/CS100/rshell/src$ ls
[0m[01;32ma.out[0m  main.cpp  typescript
]0;jessica@jessica-SVF15218CXW: ~/Documents/CS100/rshell/srcjessica@jessica-SVF15218CXW:~/Documents/CS100/rshell/src$ cler[Kar
[H[2J]0;jessica@jessica-SVF15218CXW: ~/Documents/CS100/rshell/srcjessica@jessica-SVF15218CXW:~/Documents/CS100/rshell/src$ ls
[0m[01;32ma.out[0m  main.cpp  typescript
]0;jessica@jessica-SVF15218CXW: ~/Documents/CS100/rshell/srcjessica@jessica-SVF15218CXW:~/Documents/CS100/rshell/src$ vim typescript 
[?1000h[?1049h[?1h=[2;1H▽[6n[1;1H  [1;1H[1;57r[?12;25h[?12l[?25h[27m[m[H[2J[?25l[57;1H"typescript" 0L, 0C[>c[1;1H[33m  1 [m
[1m[34m~                                                                                                              [3;1H~                                                                                                              [4;1H~                                                                                                              [5;1H~                                                                                                              [6;1H~                                                                                                              [7;1H~                                                                                                              [8;1H~                                                                                                              [9;1H~                                                                                                              [10;1H~                                                                                                              [11;1H~                                                                                                              [12;1H~                                                                                                              [13;1H~                                                                                                              [14;1H~                                                                                                              [15;1H~                                                                                                              [16;1H~                                                                                                              [17;1H~                                                                                                              [18;1H~                                                                                                              [19;1H~                                                                                                              [20;1H~                                                                                                              [21;1H~                                                                                                              [22;1H~                                                                                                              [23;1H~                                                                                                              [24;1H~                                                                                                              [25;1H~                                                                                                              [26;1H~                                                                                                              [27;1H~                                                                                                              [28;1H~                                                                                                              [29;1H~                                                                                                              [30;1H~                                                                                                              [31;1H~                                                                                                              [32;1H~                                                                                                              [33;1H~                                                                                                              [34;1H~                                                                                                              [35;1H~                                                                                                              [36;1H~                                                                                                              [37;1H~                                                                                                              [38;1H~                                                                                                              [39;1H~                                                                                                              [40;1H~                                                                                                              [41;1H~                                                                                                              [42;1H~                                                                                                              [43;1H~                                                                                                              [44;1H~                                                                                                              [45;1H~                                                                                                              [46;1H~                                                                                                              [47;1H~                                                                                                              [48;1H~                                                                                                              [49;1H~                                                                                                              [50;1H~                                                                                                              [51;1H~                                                                                                              [52;1H~                                                                                                              [53;1H~                                                                                                              [54;1H~                                                                                                              [55;1H~                                                                                                              [56;1H~                                                                                                              [m[57;94H0,0-1[9CAll[1;5H[?12l[?25h[?1000l[?1006h[?1002h[?1006l[?1002l[?1006h[?1002hP+q436f\P+q6b75\P+q6b64\P+q6b72\P+q6b6c\P+q2332\P+q2334\P+q2569\P+q2a37\P+q6b31\[?25l[57;1H[K[57;1H:[?12l[?25hq[?25l[?12l[?25h[?25l[?1006l[?1002l[57;1H[K[57;1H[?1l>[?12l[?25h[?1049l]0;jessica@jessica-SVF15218CXW: ~/Documents/CS100/rshell/srcjessica@jessica-SVF15218CXW:~/Documents/CS100/rshell/src$ cd ..
]0;jessica@jessica-SVF15218CXW: ~/Documents/CS100/rshelljessica@jessica-SVF15218CXW:~/Documents/CS100/rshell$ ls
LICENSE  Makefile  README.md  [0m[01;34msrc[0m  typescript
]0;jessica@jessica-SVF15218CXW: ~/Documents/CS100/rshelljessica@jessica-SVF15218CXW:~/Documents/CS100/rshell$ vim typescript 
[?1000h[?1049h[?1h=[2;1H▽[6n[1;1H  [1;1H[1;57r[?12;25h[?12l[?25h[27m[m[H[2J[?25l[57;1H"typescript" [noeol] 61L, 8192C[>c[1;1H[33m  1 [mScript started on Fri 23 Jan 2015 11:32:49 PM PST
[33m  2 [m[34m^[[m]0;jessica@jessica-SVF15218CXW: ~/Documents/CS100/rshell[34m^G[mjessica@jessica-SVF15218CXW:~/Documents/CS100/rr[3;1H[33m    [mshell$ exit[34m^H^H^H[mcho exit[34m^H^H^H^H^H^H^H^H^H^[[m[4Pclear[34m^H^H^H^H^H[mg++ -Wall -Werror -ansi -pedantic main.cpp[34m^HH[m[4;1H[33m    [m[34m^H^H^H^H^H^H^H^H^H^H^H^H^H^H^H^H^H^H^H^H^H^H^H^H^H^H^H^H^H^H^H^H^H^H^H^H^H^H^H^H^H[mclear[34m^[[m[K[34m^H^H^H^H^H[mecho ee[5;1H[33m    [mxit[34m^H^H^H^H^H^H^H^H^[[m[5Pxit[34m^H^H^H^H^[[m[K[34m^G[mcd src/[34m^M[m
[33m  3 [m[34m^[[m]0;jessica@jessica-SVF15218CXW: ~/Documents/CS100/rshell/src[34m^G[mjessica@jessica-SVF15218CXW:~/Documents/CS11[7;1H[33m    [m00/rshell/src$ cd src/[34m^H^H^H^H^H^H^H^[[m[3Pexit[34m^H^H^H^H[mcd src/[34m^H^H^H^H^H^H^H^[[m[Kcd src/[34m^H^H^H^H^H^H^H^[[m[3Pexii[8;1H[33m    [mt[34m^H^H^H[mcho exit[34m^H^H^H^H^H^H^H^H^H^[[m[4Pclear[34m^H^H^H^H^H[mg++ -Wall -Werror -ansi -pedantic main.cpp[34m^M[m
[33m  4 [m[34m^[[m]0;jessica@jessica-SVF15218CXW: ~/Documents/CS100/rshell/src[34m^G[mjessica@jessica-SVF15218CXW:~/Documents/CS11[10;1H[33m    [m00/rshell/src$ g++ -Wall -Werror -ansi -pedantic main.cpp[34m^H^H^H^H^H^H^H^H^H^H^H^H^H^H^H^H^H^H^H^H^H^H^H^H^HH[m[11;1H[33m    [m[34m^H^H^H^H^H^H^H^H^H^H^H^H^H^H^H^H^H[mcd src/[34m^[[m[K[34m^H^H^H^H^H^H^H^[[m[3Pexit[34m^H^H^H^H[mcd src/[34m^H^H^H^H^H^H^H[mg++ -Wall  [12;1H[33m    [m-Werror -ansi -pedantic main.cpp[34m^H^H^H^H^H^H^H^H^H^H^H^H^H^H^H^H^H^H^H^H^H^H^H^H^H^H^H^H^H^H^H^H^H^H^H^H^H^^[m[13;1H[33m    [m[34mH^H^H^H^H[mcd src/[34m^[[m[K[34m^H^H^H^H^H^H^H[mg++ -Wall -Werror -ansi -pedantic main.cpp[34m^H^H^H^H^H^H^H^H^H^H^H^H^H^H^H^^[m[14;1H[33m    [m[34mH^H^H^H^H^H^H^H^H^H^H^H^H^H^H^H^H^H^H^H^H^H^H^H^H^H^H^[[m[K[34m^G[m./a.out[34m^M[m
[33m  5 [m[34m^A[m@jessica-SVF15218CXW$ ls[34m^M[m
[33m  6 [ma.out  main.cpp[34m^M[m
[33m  7 [m[34m^A[m@jessica-SVF15218CXW$ echo hello CS100!![34m^M[m
[33m  8 [mhello CS100!![34m^M[m
[33m  9 [m[34m^A[m@jessica-SVF15218CXW$ echo heyheyhey #ohno[34m^H[m [34m^H^H[m [34m^H[m nonono[34m^M[m
[33m 10 [mheyheyhey[34m^M[m
[33m 11 [m[34m^A[m@jessica-SVF15218CXW$ ls l[34m^H[m [34m^H^H[m [34m^H[mlsls[34m^M[m
[33m 12 [mexecvp: No such file or directory[34m^M[m
[33m 13 [m[34m^A[m@jessica-SVF15218CXW$ cd what[34m^M[m
[33m 14 [mexecvp: No such file or directory[34m^M[m
[33m 15 [m[34m^A[m@jessica-SVF15218CXW$ lscd[34m^M[m
[33m 16 [mexecvp: No such file or directory[34m^M[m
[33m 17 [m[34m^A[m@jessica-SVF15218CXW$  ls cd[34m^M[m
[33m 18 [mls: cannot access cd: No such file or directory[34m^M[m
[33m 19 [m[34m^A[m@jessica-SVF15218CXW$ cd ls[34m^M[m
[33m 20 [mexecvp: No such file or directory[34m^M[m
[33m 21 [m[34m^A[m@jessica-SVF15218CXW$[21Cls[34m^M[m
[33m 22 [ma.out  main.cpp[34m^M[m
[33m 23 [m[34m^A[m@jessica-SVF15218CXW$ asdfghjkl[34m^M[m
[33m 24 [mexecvp: No such file or directory[34m^M[m
[33m 25 [m[34m^A[m@jessica-SVF15218CXW$ echo[14Chi[34m^M[m
[33m 26 [mhi[34m^M[m
[33m 27 [m[34m^A[m@jessica-SVF15218CXW$[14Cecho[10Chi[15Chi[10C#whut[34m^M[m
[33m 28 [mhi hi[34m^M[m
[33m 29 [m[34m^A[m@jessica-SVF15218CXW$ ................[34m^M[m
[33m 30 [mexecvp: No such file or directory[34m^M[m
[33m 31 [m[34m^A[m@jessica-SVF15218CXW$ ls ;  ls[34m^M[m
[33m 32 [mls: cannot access ;: No such file or directory[34m^M[m
[33m 33 [mls: cannot access ls: No such file or directory[34m^M[m
[33m 34 [m[34m^A[m@jessica-SVF15218CXW$ ls \\[34m^H[m [34m^H^H[m [34m^H[m|| echo hi[34m^M[m
[33m 35 [mls: cannot access ||: No such file or directory[34m^M[m
[33m 36 [mls: cannot access echo: No such file or directory[34m^M[m
[33m 37 [mls: cannot access hi: No such file or directory[34m^M[m
[33m 38 [m[34m^A[m@jessica-SVF15218CXW$ exit[34m^M[m
[33m 39 [m[34m^[[m]0;jessica@jessica-SVF15218CXW: ~/Documents/CS100/rshell/src[34m^G[mjessica@jessica-SVF15218CXW:~/Documents/CS11[50;1H[33m    [m00/rshell/src$ ./a.out[34m^H^H^H^H^H^H^H[mg++ -Wall -Werror -ansi -pedantic main.cpp[34m^H^H^H^H^H^H^H^H^H^H^H^H^H^H^^[m[51;1H[33m    [m[34mH^H^H^H^H^H^H^H^H^H^H^H^H^H^H^H^H^H^H^H^H^H^H^H^H^H^H^H[m./a.out[34m^[[m[K [34m^M[m
[33m 40 [m[34m^A[m@jessica-SVF15218CXW$ ls[34m^M[m
[33m 41 [ma.out  main.cpp[34m^M[m
[33m 42 [m[34m^A[m@jessica-SVF15218CXW$ ls -a[34m^M[m
[33m 43 [m.  ..  a.out  main.cpp  .main.cpp.swo  .main.cpp.swp[34m^M[m
[33m 44 [m[34m^A[m@jessica-SVF15218CXW$ #tea[34m^H[m [34m^H[mst[34m^M[m[57;94H1,1[11CTop[1;5H[?12l[?25h[?1000l[?1006h[?1002h[?1006l[?1002l[?1006h[?1002hP+q436f\P+q6b75\P+q6b64\P+q6b72\P+q6b6c\P+q2332\P+q2334\P+q2569\P+q2a37\P+q6b31\[?25l[57;94H5,26-27[15;31H[?12l[?25h[?25l[57;1H[K[57;1H:[?12l[?25hq[?25l[?12l[?25h[?25l[?1006l[?1002l[57;1H[K[57;1H[?1l>[?12l[?25h[?1049l]0;jessica@jessica-SVF15218CXW: ~/Documents/CS100/rshelljessica@jessica-SVF15218CXW:~/Documents/CS100/rshell$ ls
LICENSE  Makefile  README.md  [0m[01;34msrc[0m  typescript
]0;jessica@jessica-SVF15218CXW: ~/Documents/CS100/rshelljessica@jessica-SVF15218CXW:~/Documents/CS100/rshell$ cd src/
]0;jessica@jessica-SVF15218CXW: ~/Documents/CS100/rshell/srcjessica@jessica-SVF15218CXW:~/Documents/CS100/rshell/src$ ls
[0m[01;32ma.out[0m  main.cpp  typescript
]0;jessica@jessica-SVF15218CXW: ~/Documents/CS100/rshell/srcjessica@jessica-SVF15218CXW:~/Documents/CS100/rshell/src$ rm typescript 
]0;jessica@jessica-SVF15218CXW: ~/Documents/CS100/rshell/srcjessica@jessica-SVF15218CXW:~/Documents/CS100/rshell/src$ ls
[0m[01;32ma.out[0m  main.cpp
]0;jessica@jessica-SVF15218CXW: ~/Documents/CS100/rshell/srcjessica@jessica-SVF15218CXW:~/Documents/CS100/rshell/src$ cd ..
]0;jessica@jessica-SVF15218CXW: ~/Documents/CS100/rshelljessica@jessica-SVF15218CXW:~/Documents/CS100/rshell$ ls
LICENSE  Makefile  README.md  [0m[01;34msrc[0m  typescript
]0;jessica@jessica-SVF15218CXW: ~/Documents/CS100/rshelljessica@jessica-SVF15218CXW:~/Documents/CS100/rshell$ ls
LICENSE  Makefile  README.md  [0m[01;34msrc[0m  test
]0;jessica@jessica-SVF15218CXW: ~/Documents/CS100/rshelljessica@jessica-SVF15218CXW:~/Documents/CS100/rshell$ vim test
[?1000h[?1049h[?1h=[2;1H▽[6n[1;1H  [1;1H[1;57r[?12;25h[?12l[?25h[27m[m[H[2J[?25l[57;1H"test" [noeol] 108L, 16384C[>c[1;1H[33m  1 [mScript started on Fri 23 Jan 2015 11:32:49 PM PST
[33m  2 [m[34m^[[m]0;jessica@jessica-SVF15218CXW: ~/Documents/CS100/rshell[34m^G[mjessica@jessica-SVF15218CXW:~/Documents/CS100/rr[3;1H[33m    [mshell$ exit[34m^H^H^H[mcho exit[34m^H^H^H^H^H^H^H^H^H^[[m[4Pclear[34m^H^H^H^H^H[mg++ -Wall -Werror -ansi -pedantic main.cpp[34m^HH[m[4;1H[33m    [m[34m^H^H^H^H^H^H^H^H^H^H^H^H^H^H^H^H^H^H^H^H^H^H^H^H^H^H^H^H^H^H^H^H^H^H^H^H^H^H^H^H^H[mclear[34m^[[m[K[34m^H^H^H^H^H[mecho ee[5;1H[33m    [mxit[34m^H^H^H^H^H^H^H^H^[[m[5Pxit[34m^H^H^H^H^[[m[K[34m^G[mcd src/[34m^M[m
[33m  3 [m[34m^[[m]0;jessica@jessica-SVF15218CXW: ~/Documents/CS100/rshell/src[34m^G[mjessica@jessica-SVF15218CXW:~/Documents/CS11[7;1H[33m    [m00/rshell/src$ cd src/[34m^H^H^H^H^H^H^H^[[m[3Pexit[34m^H^H^H^H[mcd src/[34m^H^H^H^H^H^H^H^[[m[Kcd src/[34m^H^H^H^H^H^H^H^[[m[3Pexii[8;1H[33m    [mt[34m^H^H^H[mcho exit[34m^H^H^H^H^H^H^H^H^H^[[m[4Pclear[34m^H^H^H^H^H[mg++ -Wall -Werror -ansi -pedantic main.cpp[34m^M[m
[33m  4 [m[34m^[[m]0;jessica@jessica-SVF15218CXW: ~/Documents/CS100/rshell/src[34m^G[mjessica@jessica-SVF15218CXW:~/Documents/CS11[10;1H[33m    [m00/rshell/src$ g++ -Wall -Werror -ansi -pedantic main.cpp[34m^H^H^H^H^H^H^H^H^H^H^H^H^H^H^H^H^H^H^H^H^H^H^H^H^HH[m[11;1H[33m    [m[34m^H^H^H^H^H^H^H^H^H^H^H^H^H^H^H^H^H[mcd src/[34m^[[m[K[34m^H^H^H^H^H^H^H^[[m[3Pexit[34m^H^H^H^H[mcd src/[34m^H^H^H^H^H^H^H[mg++ -Wall  [12;1H[33m    [m-Werror -ansi -pedantic main.cpp[34m^H^H^H^H^H^H^H^H^H^H^H^H^H^H^H^H^H^H^H^H^H^H^H^H^H^H^H^H^H^H^H^H^H^H^H^H^H^^[m[13;1H[33m    [m[34mH^H^H^H^H[mcd src/[34m^[[m[K[34m^H^H^H^H^H^H^H[mg++ -Wall -Werror -ansi -pedantic main.cpp[34m^H^H^H^H^H^H^H^H^H^H^H^H^H^H^H^^[m[14;1H[33m    [m[34mH^H^H^H^H^H^H^H^H^H^H^H^H^H^H^H^H^H^H^H^H^H^H^H^H^H^H^[[m[K[34m^G[m./a.out[34m^M[m
[33m  5 [m[34m^A[m@jessica-SVF15218CXW$ ls[34m^M[m
[33m  6 [ma.out  main.cpp[34m^M[m
[33m  7 [m[34m^A[m@jessica-SVF15218CXW$ echo hello CS100!![34m^M[m
[33m  8 [mhello CS100!![34m^M[m
[33m  9 [m[34m^A[m@jessica-SVF15218CXW$ echo heyheyhey #ohno[34m^H[m [34m^H^H[m [34m^H[m nonono[34m^M[m
[33m 10 [mheyheyhey[34m^M[m
[33m 11 [m[34m^A[m@jessica-SVF15218CXW$ ls l[34m^H[m [34m^H^H[m [34m^H[mlsls[34m^M[m
[33m 12 [mexecvp: No such file or directory[34m^M[m
[33m 13 [m[34m^A[m@jessica-SVF15218CXW$ cd what[34m^M[m
[33m 14 [mexecvp: No such file or directory[34m^M[m
[33m 15 [m[34m^A[m@jessica-SVF15218CXW$ lscd[34m^M[m
[33m 16 [mexecvp: No such file or directory[34m^M[m
[33m 17 [m[34m^A[m@jessica-SVF15218CXW$  ls cd[34m^M[m
[33m 18 [mls: cannot access cd: No such file or directory[34m^M[m
[33m 19 [m[34m^A[m@jessica-SVF15218CXW$ cd ls[34m^M[m
[33m 20 [mexecvp: No such file or directory[34m^M[m
[33m 21 [m[34m^A[m@jessica-SVF15218CXW$[21Cls[34m^M[m
[33m 22 [ma.out  main.cpp[34m^M[m
[33m 23 [m[34m^A[m@jessica-SVF15218CXW$ asdfghjkl[34m^M[m
[33m 24 [mexecvp: No such file or directory[34m^M[m
[33m 25 [m[34m^A[m@jessica-SVF15218CXW$ echo[14Chi[34m^M[m
[33m 26 [mhi[34m^M[m
[33m 27 [m[34m^A[m@jessica-SVF15218CXW$[14Cecho[10Chi[15Chi[10C#whut[34m^M[m
[33m 28 [mhi hi[34m^M[m
[33m 29 [m[34m^A[m@jessica-SVF15218CXW$ ................[34m^M[m
[33m 30 [mexecvp: No such file or directory[34m^M[m
[33m 31 [m[34m^A[m@jessica-SVF15218CXW$ ls ;  ls[34m^M[m
[33m 32 [mls: cannot access ;: No such file or directory[34m^M[m
[33m 33 [mls: cannot access ls: No such file or directory[34m^M[m
[33m 34 [m[34m^A[m@jessica-SVF15218CXW$ ls \\[34m^H[m [34m^H^H[m [34m^H[m|| echo hi[34m^M[m
[33m 35 [mls: cannot access ||: No such file or directory[34m^M[m
[33m 36 [mls: cannot access echo: No such file or directory[34m^M[m
[33m 37 [mls: cannot access hi: No such file or directory[34m^M[m
[33m 38 [m[34m^A[m@jessica-SVF15218CXW$ exit[34m^M[m
[33m 39 [m[34m^[[m]0;jessica@jessica-SVF15218CXW: ~/Documents/CS100/rshell/src[34m^G[mjessica@jessica-SVF15218CXW:~/Documents/CS11[50;1H[33m    [m00/rshell/src$ ./a.out[34m^H^H^H^H^H^H^H[mg++ -Wall -Werror -ansi -pedantic main.cpp[34m^H^H^H^H^H^H^H^H^H^H^H^H^H^H^^[m[51;1H[33m    [m[34mH^H^H^H^H^H^H^H^H^H^H^H^H^H^H^H^H^H^H^H^H^H^H^H^H^H^H^H[m./a.out[34m^[[m[K [34m^M[m
[33m 40 [m[34m^A[m@jessica-SVF15218CXW$ ls[34m^M[m
[33m 41 [ma.out  main.cpp[34m^M[m
[33m 42 [m[34m^A[m@jessica-SVF15218CXW$ ls -a[34m^M[m
[33m 43 [m.  ..  a.out  main.cpp  .main.cpp.swo  .main.cpp.swp[34m^M[m
[33m 44 [m[34m^A[m@jessica-SVF15218CXW$ #tea[34m^H[m [34m^H[mst[34m^M[m[57;94H1,1[11CTop[1;5H[?12l[?25h[?1000l[?1006h[?1002h[?1006l[?1002l[?1006h[?1002hP+q436f\P+q6b75\P+q6b64\P+q6b72\P+q6b6c\P+q2332\P+q2334\P+q2569\P+q2a37\P+q6b31\[?25l[57;95H6,34[26;38H[?12l[?25h[?25l[57;1H[K[57;1H:[?12l[?25hq[?25l[?12l[?25h[?25l[?1006l[?1002l[57;1H[K[57;1H[?1l>[?12l[?25h[?1049l]0;jessica@jessica-SVF15218CXW: ~/Documents/CS100/rshelljessica@jessica-SVF15218CXW:~/Documents/CS100/rshell$ cp test test.c[Kscri[t[K[Kpt[K[K[K[K[K[K[K[K[K[K[K[K[K[K[K[K[K[K[Kmv test test.script
]0;jessica@jessica-SVF15218CXW: ~/Documents/CS100/rshelljessica@jessica-SVF15218CXW:~/Documents/CS100/rshell$ ls
LICENSE  Makefile  README.md  [0m[01;34msrc[0m  test.script
]0;jessica@jessica-SVF15218CXW: ~/Documents/CS100/rshelljessica@jessica-SVF15218CXW:~/Documents/CS100/rshell$ mkdir tests
]0;jessica@jessica-SVF15218CXW: ~/Documents/CS100/rshelljessica@jessica-SVF15218CXW:~/Documents/CS100/rshell$ mv test.script tests/[K
]0;jessica@jessica-SVF15218CXW: ~/Documents/CS100/rshelljessica@jessica-SVF15218CXW:~/Documents/CS100/rshell$ ls
LICENSE  Makefile  README.md  [0m[01;34msrc[0m  [01;34mtests[0m
]0;jessica@jessica-SVF15218CXW: ~/Documents/CS100/rshelljessica@jessica-SVF15218CXW:~/Documents/CS100/rshell$ cd tests/
]0;jessica@jessica-SVF15218CXW: ~/Documents/CS100/rshell/testsjessica@jessica-SVF15218CXW:~/Documents/CS100/rshell/tests$ s[Kls
test.script
]0;jessica@jessica-SVF15218CXW: ~/Documents/CS100/rshell/testsjessica@jessica-SVF15218CXW:~/Documents/CS100/rshell/tests$ cd ..
]0;jessica@jessica-SVF15218CXW: ~/Documents/CS100/rshelljessica@jessica-SVF15218CXW:~/Documents/CS100/rshell$ git status
On branch master
Your branch is up-to-date with 'origin/master'.

Changes not staged for commit:
  (use "git add <file>..." to update what will be committed)
  (use "git checkout -- <file>..." to discard changes in working directory)

	[31mmodified:   README.md[m

Untracked files:
  (use "git add <file>..." to include in what will be committed)

	[31mMakefile[m
	[31msrc/[m
	[31mtests/[m

no changes added to commit (use "git add" and/or "git commit -a")
]0;jessica@jessica-SVF15218CXW: ~/Documents/CS100/rshelljessica@jessica-SVF15218CXW:~/Documents/CS100/rshell$ git add Makefile src/[K[K[K[K[K
]0;jessica@jessica-SVF15218CXW: ~/Documents/CS100/rshelljessica@jessica-SVF15218CXW:~/Documents/CS100/rshell$ git s[Kadd src/
]0;jessica@jessica-SVF15218CXW: ~/Documents/CS100/rshelljessica@jessica-SVF15218CXW:~/Documents/CS100/rshell$ git add tests/
]0;jessica@jessica-SVF15218CXW: ~/Documents/CS100/rshelljessica@jessica-SVF15218CXW:~/Documents/CS100/rshell$ git add README.md 
]0;jessica@jessica-SVF15218CXW: ~/Documents/CS100/rshelljessica@jessica-SVF15218CXW:~/Documents/CS100/rshell$ git status
On branch master
Your branch is up-to-date with 'origin/master'.

Changes to be committed:
  (use "git reset HEAD <file>..." to unstage)

	[32mnew file:   Makefile[m
	[32mmodified:   README.md[m
	[32mnew file:   src/.main.cpp.swo[m
	[32mnew file:   src/.main.cpp.swp[m
	[32mnew file:   src/a.out[m
	[32mnew file:   src/main.cpp[m
	[32mnew file:   tests/test.script[m

]0;jessica@jessica-SVF15218CXW: ~/Documents/CS100/rshelljessica@jessica-SVF15218CXW:~/Documents/CS100/rshell$ clear
[H[2J]0;jessica@jessica-SVF15218CXW: ~/Documents/CS100/rshelljessica@jessica-SVF15218CXW:~/Documents/CS100/rshell$ git commit -m fina[K[K[K[K"final commit"
[master 3aa99ed] final commit
 7 files changed, 299 insertions(+)
 create mode 100644 Makefile
 create mode 100644 src/.main.cpp.swo
 create mode 100644 src/.main.cpp.swp
 create mode 100755 src/a.out
 create mode 100644 src/main.cpp
 create mode 100644 tests/test.script
]0;jessica@jessica-SVF15218CXW: ~/Documents/CS100/rshelljessica@jessica-SVF15218CXW:~/Documents/CS100/rshell$ git branch
* [32mmaster[m
]0;jessica@jessica-SVF15218CXW: ~/Documents/CS100/rshelljessica@jessica-SVF15218CXW:~/Documents/CS100/rshell$ git add tags[K[K[K[K[K[K[K[K[K[K[K[Kgit branch executive
]0;jessica@jessica-SVF15218CXW: ~/Documents/CS100/rshelljessica@jessica-SVF15218CXW:~/Documents/CS100/rshell$ git checkout executive 
Switched to branch 'executive'
]0;jessica@jessica-SVF15218CXW: ~/Documents/CS100/rshelljessica@jessica-SVF15218CXW:~/Documents/CS100/rshell$ git branch
* [32mexecutive[m
  master[m
]0;jessica@jessica-SVF15218CXW: ~/Documents/CS100/rshelljessica@jessica-SVF15218CXW:~/Documents/CS100/rshell$ git checkout master 
Switched to branch 'master'
Your branch is ahead of 'origin/master' by 1 commit.
  (use "git push" to publish your local commits)
]0;jessica@jessica-SVF15218CXW: ~/Documents/CS100/rshelljessica@jessica-SVF15218CXW:~/Documents/CS100/rshell$ git tag -a hs[Kw0 -m "hw0 tag"
]0;jessica@jessica-SVF15218CXW: ~/Documents/CS100/rshelljessica@jessica-SVF15218CXW:~/Documents/CS100/rshell$ git push
warning: push.default is unset; its implicit value is changing in
Git 2.0 from 'matching' to 'simple'. To squelch this message
and maintain the current behavior after the default changes, use:

  git config --global push.default matching

To squelch this message and adopt the new behavior now, use:

  git config --global push.default simple

When push.default is set to 'matching', git will push local branches
to the remote branches that already exist with the same name.

In Git 2.0, Git will default to the more conservative 'simple'
behavior, which only pushes the current branch to the corresponding
remote branch that 'git pull' uses to update the current branch.

See 'git help config' and search for 'push.default' for further information.
(the 'simple' mode was introduced in Git 1.7.11. Use the similar mode
'current' instead of 'simple' if you sometimes use older versions of Git)

Username for 'https://github.com': jfu006
Password for 'https://jfu006@github.com': 
Counting objects: 13, done.
Delta compression using up to 4 threads.
Compressing objects:  10% (1/10)   Compressing objects:  20% (2/10)   Compressing objects:  30% (3/10)   Compressing objects:  40% (4/10)   Compressing objects:  50% (5/10)   Compressing objects:  60% (6/10)   Compressing objects:  70% (7/10)   Compressing objects:  80% (8/10)   Compressing objects:  90% (9/10)   Compressing objects: 100% (10/10)   Compressing objects: 100% (10/10), done.
Writing objects:   9% (1/11)   Writing objects:  18% (2/11)   Writing objects:  27% (3/11)   Writing objects:  36% (4/11)   Writing objects:  45% (5/11)   Writing objects:  72% (8/11)   Writing objects:  81% (9/11)   Writing objects:  90% (10/11)   Writing objects: 100% (11/11)   Writing objects: 100% (11/11), 8.32 KiB | 0 bytes/s, done.
Total 11 (delta 2), reused 0 (delta 0)
To https://github.com/jfu006/rshell
   80c0159..3aa99ed  master -> master
]0;jessica@jessica-SVF15218CXW: ~/Documents/CS100/rshelljessica@jessica-SVF15218CXW:~/Documents/CS100/rshell$ git push --tags
Username for 'https://github.com': jfu006
Password for 'https://jfu006@github.com': 
Counting objects: 1, done.
Writing objects: 100% (1/1)   Writing objects: 100% (1/1), 151 bytes | 0 bytes/s, done.
Total 1 (delta 0), reused 0 (delta 0)
To https://github.com/jfu006/rshell
 * [new tag]         hw0 -> hw0
]0;jessica@jessica-SVF15218CXW: ~/Documents/CS100/rshelljessica@jessica-SVF15218CXW:~/Documents/CS100/rshell$ mskr[K[K[Kake
[ ! -d in ] && mkdir bin
g++ -Wall -Werror -ansi -pedantic src/main.cpp -o ./bin/rshell
make: *** No rule to make target `cp', needed by `all'.  Stop.
]0;jessica@jessica-SVF15218CXW: ~/Documents/CS100/rshelljessica@jessica-SVF15218CXW:~/Documents/CS100/rshell$ vim Makefile 
[?1000h[?1049h[?1h=[2;1H▽[6n[1;1H  [1;1H[1;57r[?12;25h[?12l[?25h[27m[m[H[2J[?25l[57;1H"Makefile" 7L, 131C[>c[1;1H[33m  1 [m[36mall:[m bin rshell cp ls
[33m  2 
  3 [m[36mbin:[m
[33m  4 [m[31m                [ ! -d [m[36m$b[m[31min ] && mkdir bin[m
[33m  5 
  6 [m[36mrshell:[m
[33m  7 [m[31m                g++ -Wall -Werror -ansi -pedantic src/main.cpp -o ./bin/rshell[m
[1m[34m~                                                                                                              [9;1H~                                                                                                              [10;1H~                                                                                                              [11;1H~                                                                                                              [12;1H~                                                                                                              [13;1H~                                                                                                              [14;1H~                                                                                                              [15;1H~                                                                                                              [16;1H~                                                                                                              [17;1H~                                                                                                              [18;1H~                                                                                                              [19;1H~                                                                                                              [20;1H~                                                                                                              [21;1H~                                                                                                              [22;1H~                                                                                                              [23;1H~                                                                                                              [24;1H~                                                                                                              [25;1H~                                                                                                              [26;1H~                                                                                                              [27;1H~                                                                                                              [28;1H~                                                                                                              [29;1H~                                                                                                              [30;1H~                                                                                                              [31;1H~                                                                                                              [32;1H~                                                                                                              [33;1H~                                                                                                              [34;1H~                                                                                                              [35;1H~                                                                                                              [36;1H~                                                                                                              [37;1H~                                                                                                              [38;1H~                                                                                                              [39;1H~                                                                                                              [40;1H~                                                                                                              [41;1H~                                                                                                              [42;1H~                                                                                                              [43;1H~                                                                                                              [44;1H~                                                                                                              [45;1H~                                                                                                              [46;1H~                                                                                                              [47;1H~                                                                                                              [48;1H~                                                                                                              [49;1H~                                                                                                              [50;1H~                                                                                                              [51;1H~                                                                                                              [52;1H~                                                                                                              [53;1H~                                                                                                              [54;1H~                                                                                                              [55;1H~                                                                                                              [56;1H~                                                                                                              [m[57;94H1,1[11CAll[1;5H[?12l[?25h[?1000l[?1006h[?1002h[?1006l[?1002l[?1006h[?1002hP+q436f\P+q6b75\P+q6b64\P+q6b72\P+q6b6c\P+q2332\P+q2334\P+q2569\P+q2a37\P+q6b31\[?25l[57;94H2,0-1[2;5H[?12l[?25h[?25l[57;94H1,1  [1;5H[?12l[?25h[?25l[57;96H2[1;6H[?12l[?25h[?25l[57;96H3[1;7H[?12l[?25h[?25l[57;96H4[1;8H[?12l[?25h[?25l[57;96H5[1;9H[?12l[?25h[?25l[57;96H6[1;10H[?12l[?25h[?25l[57;96H7[1;11H[?12l[?25h[?25l[57;96H8[1;12H[?12l[?25h[?25l[57;96H9[1;13H[?12l[?25h[?25l[57;96H10[1;14H[?12l[?25h[?25l[57;97H1[1;15H[?12l[?25h[?25l[57;97H2[1;16H[?12l[?25h[?25l[57;97H3[1;17H[?12l[?25h[?25l[57;97H4[1;18H[?12l[?25h[?25l[57;97H5[1;19H[?12l[?25h[?25l[57;97H6[1;20H[?12l[?25h[?25l[57;97H7[1;21H[?12l[?25h[?25l ls[1;24H[K[1;21H[?12l[?25h[?25l[1;22H[K[57;97H6[1;20H[?12l[?25h[?25l[57;1H[K[57;1H:[?12l[?25hw[?25l[?12l[?25hq[?25l[?12l[?25h[?25l[?1006l[?1002l"Makefile" 7L, 126C written
[?1l>[?12l[?25h[?1049l]0;jessica@jessica-SVF15218CXW: ~/Documents/CS100/rshelljessica@jessica-SVF15218CXW:~/Documents/CS100/rshell$ git add <[KMakefile 
]0;jessica@jessica-SVF15218CXW: ~/Documents/CS100/rshelljessica@jessica-SVF15218CXW:~/Documents/CS100/rshell$ git tags -d hw0
git: 'tags' is not a git command. See 'git --help'.

Did you mean one of these?
	stage
	tag
]0;jessica@jessica-SVF15218CXW: ~/Documents/CS100/rshelljessica@jessica-SVF15218CXW:~/Documents/CS100/rshell$ ta[K[Kgit tag -d hw0 
Deleted tag 'hw0' (was b77a70e)
]0;jessica@jessica-SVF15218CXW: ~/Documents/CS100/rshelljessica@jessica-SVF15218CXW:~/Documents/CS100/rshell$ git sttus[K[K[Katus
On branch master
Your branch is up-to-date with 'origin/master'.

Changes to be committed:
  (use "git reset HEAD <file>..." to unstage)

	[32mmodified:   Makefile[m

Changes not staged for commit:
  (use "git add <file>..." to update what will be committed)
  (use "git checkout -- <file>..." to discard changes in working directory)

	[31mmodified:   tests/test.script[m

Untracked files:
  (use "git add <file>..." to include in what will be committed)

	[31mbin/[m

]0;jessica@jessica-SVF15218CXW: ~/Documents/CS100/rshelljessica@jessica-SVF15218CXW:~/Documents/CS100/rshell$ git add tests/test.script 
]0;jessica@jessica-SVF15218CXW: ~/Documents/CS100/rshelljessica@jessica-SVF15218CXW:~/Documents/CS100/rshell$ git add <[KMakefile 
]0;jessica@jessica-SVF15218CXW: ~/Documents/CS100/rshelljessica@jessica-SVF15218CXW:~/Documents/CS100/rshell$ git a[Kstatus
On branch master
Your branch is up-to-date with 'origin/master'.

Changes to be committed:
  (use "git reset HEAD <file>..." to unstage)

	[32mmodified:   Makefile[m
	[32mmodified:   tests/test.script[m

Untracked files:
  (use "git add <file>..." to include in what will be committed)

	[31mbin/[m

]0;jessica@jessica-SVF15218CXW: ~/Documents/CS100/rshelljessica@jessica-SVF15218CXW:~/Documents/CS100/rshell$ rm bin/
rm: cannot remove ‘bin/’: Is a directory
]0;jessica@jessica-SVF15218CXW: ~/Documents/CS100/rshelljessica@jessica-SVF15218CXW:~/Documents/CS100/rshell$ git status
On branch master
Your branch is up-to-date with 'origin/master'.

Changes to be committed:
  (use "git reset HEAD <file>..." to unstage)

	[32mmodified:   Makefile[m
	[32mmodified:   tests/test.script[m

Untracked files:
  (use "git add <file>..." to include in what will be committed)

	[31mbin/[m

]0;jessica@jessica-SVF15218CXW: ~/Documents/CS100/rshelljessica@jessica-SVF15218CXW:~/Documents/CS100/rshell$ git remove bin/
git: 'remove' is not a git command. See 'git --help'.

Did you mean this?
	remote
]0;jessica@jessica-SVF15218CXW: ~/Documents/CS100/rshelljessica@jessica-SVF15218CXW:~/Documents/CS100/rshell$ git status
On branch master
Your branch is up-to-date with 'origin/master'.

Changes to be committed:
  (use "git reset HEAD <file>..." to unstage)

	[32mmodified:   Makefile[m
	[32mmodified:   tests/test.script[m

Untracked files:
  (use "git add <file>..." to include in what will be co